 
****************************************
Report : timing
        -path full
        -delay max
        -max_paths 5
Design : F_PE
Version: K-2015.06
Date   : Thu Jun 26 22:56:43 2025
****************************************

 # A fanout number of 1000 was used for high fanout net computations.

Operating Conditions: cb13fs120_tsmc_max   Library: cb13fs120_tsmc_max
Wire Load Model Mode: enclosed

  Startpoint: bb3/temp_product_reg[2]
              (rising edge-triggered flip-flop clocked by clk)
  Endpoint: product_8bit_reg[3][14]
            (rising edge-triggered flip-flop clocked by clk)
  Path Group: BITBRICK
  Path Type: max

  Des/Clust/Port     Wire Load Model       Library
  ------------------------------------------------
  F_PE               ForQA                 cb13fs120_tsmc_max

  Point                                                   Incr       Path
  --------------------------------------------------------------------------
  clock clk (rise edge)                                   0.00       0.00
  clock network delay (ideal)                             0.00       0.00
  bb3/temp_product_reg[2]/clocked_on (**SEQGEN**)         0.00       0.00 r
  bb3/temp_product_reg[2]/Q (**SEQGEN**)                  0.00       0.00 r
  bb3/product[2] (BitBrick)                               0.00       0.00 r
  C158/Z (GTECH_OR2)                                      0.00       0.00 r
  C159/Z (GTECH_OR2)                                      0.00       0.00 r
  C160/Z (GTECH_OR2)                                      0.00       0.00 r
  C188/Z (GTECH_AND2)                                     0.00       0.00 r
  product_8bit_reg[3][14]/next_state (**SEQGEN**)         0.00       0.00 r
  data arrival time                                                  0.00

  clock clk (rise edge)                                   3.80       3.80
  clock network delay (ideal)                             0.00       3.80
  clock uncertainty                                      -0.10       3.70
  product_8bit_reg[3][14]/clocked_on (**SEQGEN**)         0.00       3.70 r
  library setup time                                      0.00       3.70
  data required time                                                 3.70
  --------------------------------------------------------------------------
  data required time                                                 3.70
  data arrival time                                                  0.00
  --------------------------------------------------------------------------
  slack (MET)                                                        3.70


  Startpoint: bb3/temp_product_reg[2]
              (rising edge-triggered flip-flop clocked by clk)
  Endpoint: product_8bit_reg[3][13]
            (rising edge-triggered flip-flop clocked by clk)
  Path Group: BITBRICK
  Path Type: max

  Des/Clust/Port     Wire Load Model       Library
  ------------------------------------------------
  F_PE               ForQA                 cb13fs120_tsmc_max

  Point                                                   Incr       Path
  --------------------------------------------------------------------------
  clock clk (rise edge)                                   0.00       0.00
  clock network delay (ideal)                             0.00       0.00
  bb3/temp_product_reg[2]/clocked_on (**SEQGEN**)         0.00       0.00 r
  bb3/temp_product_reg[2]/Q (**SEQGEN**)                  0.00       0.00 r
  bb3/product[2] (BitBrick)                               0.00       0.00 r
  C158/Z (GTECH_OR2)                                      0.00       0.00 r
  C159/Z (GTECH_OR2)                                      0.00       0.00 r
  C160/Z (GTECH_OR2)                                      0.00       0.00 r
  C188/Z (GTECH_AND2)                                     0.00       0.00 r
  product_8bit_reg[3][13]/next_state (**SEQGEN**)         0.00       0.00 r
  data arrival time                                                  0.00

  clock clk (rise edge)                                   3.80       3.80
  clock network delay (ideal)                             0.00       3.80
  clock uncertainty                                      -0.10       3.70
  product_8bit_reg[3][13]/clocked_on (**SEQGEN**)         0.00       3.70 r
  library setup time                                      0.00       3.70
  data required time                                                 3.70
  --------------------------------------------------------------------------
  data required time                                                 3.70
  data arrival time                                                  0.00
  --------------------------------------------------------------------------
  slack (MET)                                                        3.70


  Startpoint: bb3/temp_product_reg[2]
              (rising edge-triggered flip-flop clocked by clk)
  Endpoint: product_8bit_reg[3][12]
            (rising edge-triggered flip-flop clocked by clk)
  Path Group: BITBRICK
  Path Type: max

  Des/Clust/Port     Wire Load Model       Library
  ------------------------------------------------
  F_PE               ForQA                 cb13fs120_tsmc_max

  Point                                                   Incr       Path
  --------------------------------------------------------------------------
  clock clk (rise edge)                                   0.00       0.00
  clock network delay (ideal)                             0.00       0.00
  bb3/temp_product_reg[2]/clocked_on (**SEQGEN**)         0.00       0.00 r
  bb3/temp_product_reg[2]/Q (**SEQGEN**)                  0.00       0.00 r
  bb3/product[2] (BitBrick)                               0.00       0.00 r
  C158/Z (GTECH_OR2)                                      0.00       0.00 r
  C159/Z (GTECH_OR2)                                      0.00       0.00 r
  C160/Z (GTECH_OR2)                                      0.00       0.00 r
  C188/Z (GTECH_AND2)                                     0.00       0.00 r
  product_8bit_reg[3][12]/next_state (**SEQGEN**)         0.00       0.00 r
  data arrival time                                                  0.00

  clock clk (rise edge)                                   3.80       3.80
  clock network delay (ideal)                             0.00       3.80
  clock uncertainty                                      -0.10       3.70
  product_8bit_reg[3][12]/clocked_on (**SEQGEN**)         0.00       3.70 r
  library setup time                                      0.00       3.70
  data required time                                                 3.70
  --------------------------------------------------------------------------
  data required time                                                 3.70
  data arrival time                                                  0.00
  --------------------------------------------------------------------------
  slack (MET)                                                        3.70


  Startpoint: bb3/temp_product_reg[2]
              (rising edge-triggered flip-flop clocked by clk)
  Endpoint: product_8bit_reg[3][11]
            (rising edge-triggered flip-flop clocked by clk)
  Path Group: BITBRICK
  Path Type: max

  Des/Clust/Port     Wire Load Model       Library
  ------------------------------------------------
  F_PE               ForQA                 cb13fs120_tsmc_max

  Point                                                   Incr       Path
  --------------------------------------------------------------------------
  clock clk (rise edge)                                   0.00       0.00
  clock network delay (ideal)                             0.00       0.00
  bb3/temp_product_reg[2]/clocked_on (**SEQGEN**)         0.00       0.00 r
  bb3/temp_product_reg[2]/Q (**SEQGEN**)                  0.00       0.00 r
  bb3/product[2] (BitBrick)                               0.00       0.00 r
  C158/Z (GTECH_OR2)                                      0.00       0.00 r
  C159/Z (GTECH_OR2)                                      0.00       0.00 r
  C160/Z (GTECH_OR2)                                      0.00       0.00 r
  C188/Z (GTECH_AND2)                                     0.00       0.00 r
  product_8bit_reg[3][11]/next_state (**SEQGEN**)         0.00       0.00 r
  data arrival time                                                  0.00

  clock clk (rise edge)                                   3.80       3.80
  clock network delay (ideal)                             0.00       3.80
  clock uncertainty                                      -0.10       3.70
  product_8bit_reg[3][11]/clocked_on (**SEQGEN**)         0.00       3.70 r
  library setup time                                      0.00       3.70
  data required time                                                 3.70
  --------------------------------------------------------------------------
  data required time                                                 3.70
  data arrival time                                                  0.00
  --------------------------------------------------------------------------
  slack (MET)                                                        3.70


  Startpoint: bb3/temp_product_reg[2]
              (rising edge-triggered flip-flop clocked by clk)
  Endpoint: product_8bit_reg[3][10]
            (rising edge-triggered flip-flop clocked by clk)
  Path Group: BITBRICK
  Path Type: max

  Des/Clust/Port     Wire Load Model       Library
  ------------------------------------------------
  F_PE               ForQA                 cb13fs120_tsmc_max

  Point                                                   Incr       Path
  --------------------------------------------------------------------------
  clock clk (rise edge)                                   0.00       0.00
  clock network delay (ideal)                             0.00       0.00
  bb3/temp_product_reg[2]/clocked_on (**SEQGEN**)         0.00       0.00 r
  bb3/temp_product_reg[2]/Q (**SEQGEN**)                  0.00       0.00 r
  bb3/product[2] (BitBrick)                               0.00       0.00 r
  C158/Z (GTECH_OR2)                                      0.00       0.00 r
  C159/Z (GTECH_OR2)                                      0.00       0.00 r
  C160/Z (GTECH_OR2)                                      0.00       0.00 r
  C188/Z (GTECH_AND2)                                     0.00       0.00 r
  product_8bit_reg[3][10]/next_state (**SEQGEN**)         0.00       0.00 r
  data arrival time                                                  0.00

  clock clk (rise edge)                                   3.80       3.80
  clock network delay (ideal)                             0.00       3.80
  clock uncertainty                                      -0.10       3.70
  product_8bit_reg[3][10]/clocked_on (**SEQGEN**)         0.00       3.70 r
  library setup time                                      0.00       3.70
  data required time                                                 3.70
  --------------------------------------------------------------------------
  data required time                                                 3.70
  data arrival time                                                  0.00
  --------------------------------------------------------------------------
  slack (MET)                                                        3.70


  Startpoint: bitwidth[1]
              (input port clocked by clk)
  Endpoint: result[4] (output port clocked by clk)
  Path Group: INPUTS
  Path Type: max

  Des/Clust/Port     Wire Load Model       Library
  ------------------------------------------------
  F_PE               ForQA                 cb13fs120_tsmc_max

  Point                                    Incr       Path
  -----------------------------------------------------------
  clock clk (rise edge)                    0.00       0.00
  clock network delay (ideal)              0.00       0.00
  input external delay                     0.10       0.10 f
  bitwidth[1] (in)                         0.00       0.10 f
  I_4/Z (GTECH_NOT)                        0.00       0.10 r
  C211/Z (GTECH_AND2)                      0.00       0.10 r
  C173/Z_4 (*SELECT_OP_3.16_3.1_16)        0.00       0.10 r
  result[4] (out)                          0.00       0.10 r
  data arrival time                                   0.10

  clock clk (rise edge)                    3.80       3.80
  clock network delay (ideal)              0.00       3.80
  clock uncertainty                       -0.10       3.70
  output external delay                   -0.10       3.60
  data required time                                  3.60
  -----------------------------------------------------------
  data required time                                  3.60
  data arrival time                                  -0.10
  -----------------------------------------------------------
  slack (MET)                                         3.50


  Startpoint: bitwidth[1]
              (input port clocked by clk)
  Endpoint: result[3] (output port clocked by clk)
  Path Group: INPUTS
  Path Type: max

  Des/Clust/Port     Wire Load Model       Library
  ------------------------------------------------
  F_PE               ForQA                 cb13fs120_tsmc_max

  Point                                    Incr       Path
  -----------------------------------------------------------
  clock clk (rise edge)                    0.00       0.00
  clock network delay (ideal)              0.00       0.00
  input external delay                     0.10       0.10 f
  bitwidth[1] (in)                         0.00       0.10 f
  I_4/Z (GTECH_NOT)                        0.00       0.10 r
  C211/Z (GTECH_AND2)                      0.00       0.10 r
  C173/Z_3 (*SELECT_OP_3.16_3.1_16)        0.00       0.10 r
  result[3] (out)                          0.00       0.10 r
  data arrival time                                   0.10

  clock clk (rise edge)                    3.80       3.80
  clock network delay (ideal)              0.00       3.80
  clock uncertainty                       -0.10       3.70
  output external delay                   -0.10       3.60
  data required time                                  3.60
  -----------------------------------------------------------
  data required time                                  3.60
  data arrival time                                  -0.10
  -----------------------------------------------------------
  slack (MET)                                         3.50


  Startpoint: bitwidth[1]
              (input port clocked by clk)
  Endpoint: result[2] (output port clocked by clk)
  Path Group: INPUTS
  Path Type: max

  Des/Clust/Port     Wire Load Model       Library
  ------------------------------------------------
  F_PE               ForQA                 cb13fs120_tsmc_max

  Point                                    Incr       Path
  -----------------------------------------------------------
  clock clk (rise edge)                    0.00       0.00
  clock network delay (ideal)              0.00       0.00
  input external delay                     0.10       0.10 f
  bitwidth[1] (in)                         0.00       0.10 f
  I_4/Z (GTECH_NOT)                        0.00       0.10 r
  C211/Z (GTECH_AND2)                      0.00       0.10 r
  C173/Z_2 (*SELECT_OP_3.16_3.1_16)        0.00       0.10 r
  result[2] (out)                          0.00       0.10 r
  data arrival time                                   0.10

  clock clk (rise edge)                    3.80       3.80
  clock network delay (ideal)              0.00       3.80
  clock uncertainty                       -0.10       3.70
  output external delay                   -0.10       3.60
  data required time                                  3.60
  -----------------------------------------------------------
  data required time                                  3.60
  data arrival time                                  -0.10
  -----------------------------------------------------------
  slack (MET)                                         3.50


  Startpoint: bitwidth[1]
              (input port clocked by clk)
  Endpoint: result[1] (output port clocked by clk)
  Path Group: INPUTS
  Path Type: max

  Des/Clust/Port     Wire Load Model       Library
  ------------------------------------------------
  F_PE               ForQA                 cb13fs120_tsmc_max

  Point                                    Incr       Path
  -----------------------------------------------------------
  clock clk (rise edge)                    0.00       0.00
  clock network delay (ideal)              0.00       0.00
  input external delay                     0.10       0.10 f
  bitwidth[1] (in)                         0.00       0.10 f
  I_4/Z (GTECH_NOT)                        0.00       0.10 r
  C211/Z (GTECH_AND2)                      0.00       0.10 r
  C173/Z_1 (*SELECT_OP_3.16_3.1_16)        0.00       0.10 r
  result[1] (out)                          0.00       0.10 r
  data arrival time                                   0.10

  clock clk (rise edge)                    3.80       3.80
  clock network delay (ideal)              0.00       3.80
  clock uncertainty                       -0.10       3.70
  output external delay                   -0.10       3.60
  data required time                                  3.60
  -----------------------------------------------------------
  data required time                                  3.60
  data arrival time                                  -0.10
  -----------------------------------------------------------
  slack (MET)                                         3.50


  Startpoint: bitwidth[1]
              (input port clocked by clk)
  Endpoint: result[0] (output port clocked by clk)
  Path Group: INPUTS
  Path Type: max

  Des/Clust/Port     Wire Load Model       Library
  ------------------------------------------------
  F_PE               ForQA                 cb13fs120_tsmc_max

  Point                                    Incr       Path
  -----------------------------------------------------------
  clock clk (rise edge)                    0.00       0.00
  clock network delay (ideal)              0.00       0.00
  input external delay                     0.10       0.10 f
  bitwidth[1] (in)                         0.00       0.10 f
  I_4/Z (GTECH_NOT)                        0.00       0.10 r
  C211/Z (GTECH_AND2)                      0.00       0.10 r
  C173/Z_0 (*SELECT_OP_3.16_3.1_16)        0.00       0.10 r
  result[0] (out)                          0.00       0.10 r
  data arrival time                                   0.10

  clock clk (rise edge)                    3.80       3.80
  clock network delay (ideal)              0.00       3.80
  clock uncertainty                       -0.10       3.70
  output external delay                   -0.10       3.60
  data required time                                  3.60
  -----------------------------------------------------------
  data required time                                  3.60
  data arrival time                                  -0.10
  -----------------------------------------------------------
  slack (MET)                                         3.50


  Startpoint: result_8bit_reg[4]
              (rising edge-triggered flip-flop clocked by clk)
  Endpoint: result[4] (output port clocked by clk)
  Path Group: OUTPUTS
  Path Type: max

  Des/Clust/Port     Wire Load Model       Library
  ------------------------------------------------
  F_PE               ForQA                 cb13fs120_tsmc_max

  Point                                                   Incr       Path
  --------------------------------------------------------------------------
  clock clk (rise edge)                                   0.00       0.00
  clock network delay (ideal)                             0.00       0.00
  result_8bit_reg[4]/clocked_on (**SEQGEN**)              0.00       0.00 r
  result_8bit_reg[4]/Q (**SEQGEN**)                       0.00       0.00 r
  C173/Z_4 (*SELECT_OP_3.16_3.1_16)                       0.00       0.00 r
  result[4] (out)                                         0.00       0.00 r
  data arrival time                                                  0.00

  clock clk (rise edge)                                   3.80       3.80
  clock network delay (ideal)                             0.00       3.80
  clock uncertainty                                      -0.10       3.70
  output external delay                                  -0.10       3.60
  data required time                                                 3.60
  --------------------------------------------------------------------------
  data required time                                                 3.60
  data arrival time                                                  0.00
  --------------------------------------------------------------------------
  slack (MET)                                                        3.60


  Startpoint: result_8bit_reg[3]
              (rising edge-triggered flip-flop clocked by clk)
  Endpoint: result[3] (output port clocked by clk)
  Path Group: OUTPUTS
  Path Type: max

  Des/Clust/Port     Wire Load Model       Library
  ------------------------------------------------
  F_PE               ForQA                 cb13fs120_tsmc_max

  Point                                                   Incr       Path
  --------------------------------------------------------------------------
  clock clk (rise edge)                                   0.00       0.00
  clock network delay (ideal)                             0.00       0.00
  result_8bit_reg[3]/clocked_on (**SEQGEN**)              0.00       0.00 r
  result_8bit_reg[3]/Q (**SEQGEN**)                       0.00       0.00 r
  C173/Z_3 (*SELECT_OP_3.16_3.1_16)                       0.00       0.00 r
  result[3] (out)                                         0.00       0.00 r
  data arrival time                                                  0.00

  clock clk (rise edge)                                   3.80       3.80
  clock network delay (ideal)                             0.00       3.80
  clock uncertainty                                      -0.10       3.70
  output external delay                                  -0.10       3.60
  data required time                                                 3.60
  --------------------------------------------------------------------------
  data required time                                                 3.60
  data arrival time                                                  0.00
  --------------------------------------------------------------------------
  slack (MET)                                                        3.60


  Startpoint: result_8bit_reg[2]
              (rising edge-triggered flip-flop clocked by clk)
  Endpoint: result[2] (output port clocked by clk)
  Path Group: OUTPUTS
  Path Type: max

  Des/Clust/Port     Wire Load Model       Library
  ------------------------------------------------
  F_PE               ForQA                 cb13fs120_tsmc_max

  Point                                                   Incr       Path
  --------------------------------------------------------------------------
  clock clk (rise edge)                                   0.00       0.00
  clock network delay (ideal)                             0.00       0.00
  result_8bit_reg[2]/clocked_on (**SEQGEN**)              0.00       0.00 r
  result_8bit_reg[2]/Q (**SEQGEN**)                       0.00       0.00 r
  C173/Z_2 (*SELECT_OP_3.16_3.1_16)                       0.00       0.00 r
  result[2] (out)                                         0.00       0.00 r
  data arrival time                                                  0.00

  clock clk (rise edge)                                   3.80       3.80
  clock network delay (ideal)                             0.00       3.80
  clock uncertainty                                      -0.10       3.70
  output external delay                                  -0.10       3.60
  data required time                                                 3.60
  --------------------------------------------------------------------------
  data required time                                                 3.60
  data arrival time                                                  0.00
  --------------------------------------------------------------------------
  slack (MET)                                                        3.60


  Startpoint: result_8bit_reg[1]
              (rising edge-triggered flip-flop clocked by clk)
  Endpoint: result[1] (output port clocked by clk)
  Path Group: OUTPUTS
  Path Type: max

  Des/Clust/Port     Wire Load Model       Library
  ------------------------------------------------
  F_PE               ForQA                 cb13fs120_tsmc_max

  Point                                                   Incr       Path
  --------------------------------------------------------------------------
  clock clk (rise edge)                                   0.00       0.00
  clock network delay (ideal)                             0.00       0.00
  result_8bit_reg[1]/clocked_on (**SEQGEN**)              0.00       0.00 r
  result_8bit_reg[1]/Q (**SEQGEN**)                       0.00       0.00 r
  C173/Z_1 (*SELECT_OP_3.16_3.1_16)                       0.00       0.00 r
  result[1] (out)                                         0.00       0.00 r
  data arrival time                                                  0.00

  clock clk (rise edge)                                   3.80       3.80
  clock network delay (ideal)                             0.00       3.80
  clock uncertainty                                      -0.10       3.70
  output external delay                                  -0.10       3.60
  data required time                                                 3.60
  --------------------------------------------------------------------------
  data required time                                                 3.60
  data arrival time                                                  0.00
  --------------------------------------------------------------------------
  slack (MET)                                                        3.60


  Startpoint: result_8bit_reg[0]
              (rising edge-triggered flip-flop clocked by clk)
  Endpoint: result[0] (output port clocked by clk)
  Path Group: OUTPUTS
  Path Type: max

  Des/Clust/Port     Wire Load Model       Library
  ------------------------------------------------
  F_PE               ForQA                 cb13fs120_tsmc_max

  Point                                                   Incr       Path
  --------------------------------------------------------------------------
  clock clk (rise edge)                                   0.00       0.00
  clock network delay (ideal)                             0.00       0.00
  result_8bit_reg[0]/clocked_on (**SEQGEN**)              0.00       0.00 r
  result_8bit_reg[0]/Q (**SEQGEN**)                       0.00       0.00 r
  C173/Z_0 (*SELECT_OP_3.16_3.1_16)                       0.00       0.00 r
  result[0] (out)                                         0.00       0.00 r
  data arrival time                                                  0.00

  clock clk (rise edge)                                   3.80       3.80
  clock network delay (ideal)                             0.00       3.80
  clock uncertainty                                      -0.10       3.70
  output external delay                                  -0.10       3.60
  data required time                                                 3.60
  --------------------------------------------------------------------------
  data required time                                                 3.60
  data arrival time                                                  0.00
  --------------------------------------------------------------------------
  slack (MET)                                                        3.60


  Startpoint: bb0/a_ext_reg[2]
              (rising edge-triggered flip-flop clocked by clk)
  Endpoint: bb0/temp_product_reg[3]
            (rising edge-triggered flip-flop clocked by clk)
  Path Group: clk
  Path Type: max

  Des/Clust/Port     Wire Load Model       Library
  ------------------------------------------------
  F_PE               ForQA                 cb13fs120_tsmc_max
  BitBrick           ForQA                 cb13fs120_tsmc_max
  DW02_mult_A_width3_B_width3
                     ForQA                 cb13fs120_tsmc_max

  Point                                                   Incr       Path
  --------------------------------------------------------------------------
  clock clk (rise edge)                                   0.00       0.00
  clock network delay (ideal)                             0.00       0.00
  bb0/a_ext_reg[2]/clocked_on (**SEQGEN**)                0.00       0.00 r
  bb0/a_ext_reg[2]/Q (**SEQGEN**)                         0.00       0.00 r
  bb0/mult_22/A_2 (*MULT_TC_OP_3_3_4)                     0.00       0.00 r
  bb0/mult_22/*cell*127/A[2] (DW02_mult_A_width3_B_width3)
                                                          0.00       0.00 r
  ...
  bb0/mult_22/*cell*127/PRODUCT[3] (DW02_mult_A_width3_B_width3)
                                                          0.00       0.00 r
  bb0/mult_22/Z_3 (*MULT_TC_OP_3_3_4)                     0.00       0.00 r
  bb0/temp_product_reg[3]/next_state (**SEQGEN**)         0.00       0.00 r
  data arrival time                                                  0.00

  clock clk (rise edge)                                   3.80       3.80
  clock network delay (ideal)                             0.00       3.80
  clock uncertainty                                      -0.10       3.70
  bb0/temp_product_reg[3]/clocked_on (**SEQGEN**)         0.00       3.70 r
  library setup time                                      0.00       3.70
  data required time                                                 3.70
  --------------------------------------------------------------------------
  data required time                                                 3.70
  data arrival time                                                  0.00
  --------------------------------------------------------------------------
  slack (MET)                                                        3.70


  Startpoint: bb0/a_ext_reg[2]
              (rising edge-triggered flip-flop clocked by clk)
  Endpoint: bb0/temp_product_reg[2]
            (rising edge-triggered flip-flop clocked by clk)
  Path Group: clk
  Path Type: max

  Des/Clust/Port     Wire Load Model       Library
  ------------------------------------------------
  F_PE               ForQA                 cb13fs120_tsmc_max
  BitBrick           ForQA                 cb13fs120_tsmc_max
  DW02_mult_A_width3_B_width3
                     ForQA                 cb13fs120_tsmc_max

  Point                                                   Incr       Path
  --------------------------------------------------------------------------
  clock clk (rise edge)                                   0.00       0.00
  clock network delay (ideal)                             0.00       0.00
  bb0/a_ext_reg[2]/clocked_on (**SEQGEN**)                0.00       0.00 r
  bb0/a_ext_reg[2]/Q (**SEQGEN**)                         0.00       0.00 r
  bb0/mult_22/A_2 (*MULT_TC_OP_3_3_4)                     0.00       0.00 r
  bb0/mult_22/*cell*127/A[2] (DW02_mult_A_width3_B_width3)
                                                          0.00       0.00 r
  ...
  bb0/mult_22/*cell*127/PRODUCT[2] (DW02_mult_A_width3_B_width3)
                                                          0.00       0.00 r
  bb0/mult_22/Z_2 (*MULT_TC_OP_3_3_4)                     0.00       0.00 r
  bb0/temp_product_reg[2]/next_state (**SEQGEN**)         0.00       0.00 r
  data arrival time                                                  0.00

  clock clk (rise edge)                                   3.80       3.80
  clock network delay (ideal)                             0.00       3.80
  clock uncertainty                                      -0.10       3.70
  bb0/temp_product_reg[2]/clocked_on (**SEQGEN**)         0.00       3.70 r
  library setup time                                      0.00       3.70
  data required time                                                 3.70
  --------------------------------------------------------------------------
  data required time                                                 3.70
  data arrival time                                                  0.00
  --------------------------------------------------------------------------
  slack (MET)                                                        3.70


  Startpoint: bb0/a_ext_reg[2]
              (rising edge-triggered flip-flop clocked by clk)
  Endpoint: bb0/temp_product_reg[1]
            (rising edge-triggered flip-flop clocked by clk)
  Path Group: clk
  Path Type: max

  Des/Clust/Port     Wire Load Model       Library
  ------------------------------------------------
  F_PE               ForQA                 cb13fs120_tsmc_max
  BitBrick           ForQA                 cb13fs120_tsmc_max
  DW02_mult_A_width3_B_width3
                     ForQA                 cb13fs120_tsmc_max

  Point                                                   Incr       Path
  --------------------------------------------------------------------------
  clock clk (rise edge)                                   0.00       0.00
  clock network delay (ideal)                             0.00       0.00
  bb0/a_ext_reg[2]/clocked_on (**SEQGEN**)                0.00       0.00 r
  bb0/a_ext_reg[2]/Q (**SEQGEN**)                         0.00       0.00 r
  bb0/mult_22/A_2 (*MULT_TC_OP_3_3_4)                     0.00       0.00 r
  bb0/mult_22/*cell*127/A[2] (DW02_mult_A_width3_B_width3)
                                                          0.00       0.00 r
  ...
  bb0/mult_22/*cell*127/PRODUCT[1] (DW02_mult_A_width3_B_width3)
                                                          0.00       0.00 r
  bb0/mult_22/Z_1 (*MULT_TC_OP_3_3_4)                     0.00       0.00 r
  bb0/temp_product_reg[1]/next_state (**SEQGEN**)         0.00       0.00 r
  data arrival time                                                  0.00

  clock clk (rise edge)                                   3.80       3.80
  clock network delay (ideal)                             0.00       3.80
  clock uncertainty                                      -0.10       3.70
  bb0/temp_product_reg[1]/clocked_on (**SEQGEN**)         0.00       3.70 r
  library setup time                                      0.00       3.70
  data required time                                                 3.70
  --------------------------------------------------------------------------
  data required time                                                 3.70
  data arrival time                                                  0.00
  --------------------------------------------------------------------------
  slack (MET)                                                        3.70


  Startpoint: bb0/a_ext_reg[2]
              (rising edge-triggered flip-flop clocked by clk)
  Endpoint: bb0/temp_product_reg[0]
            (rising edge-triggered flip-flop clocked by clk)
  Path Group: clk
  Path Type: max

  Des/Clust/Port     Wire Load Model       Library
  ------------------------------------------------
  F_PE               ForQA                 cb13fs120_tsmc_max
  BitBrick           ForQA                 cb13fs120_tsmc_max
  DW02_mult_A_width3_B_width3
                     ForQA                 cb13fs120_tsmc_max

  Point                                                   Incr       Path
  --------------------------------------------------------------------------
  clock clk (rise edge)                                   0.00       0.00
  clock network delay (ideal)                             0.00       0.00
  bb0/a_ext_reg[2]/clocked_on (**SEQGEN**)                0.00       0.00 r
  bb0/a_ext_reg[2]/Q (**SEQGEN**)                         0.00       0.00 r
  bb0/mult_22/A_2 (*MULT_TC_OP_3_3_4)                     0.00       0.00 r
  bb0/mult_22/*cell*127/A[2] (DW02_mult_A_width3_B_width3)
                                                          0.00       0.00 r
  ...
  bb0/mult_22/*cell*127/PRODUCT[0] (DW02_mult_A_width3_B_width3)
                                                          0.00       0.00 r
  bb0/mult_22/Z_0 (*MULT_TC_OP_3_3_4)                     0.00       0.00 r
  bb0/temp_product_reg[0]/next_state (**SEQGEN**)         0.00       0.00 r
  data arrival time                                                  0.00

  clock clk (rise edge)                                   3.80       3.80
  clock network delay (ideal)                             0.00       3.80
  clock uncertainty                                      -0.10       3.70
  bb0/temp_product_reg[0]/clocked_on (**SEQGEN**)         0.00       3.70 r
  library setup time                                      0.00       3.70
  data required time                                                 3.70
  --------------------------------------------------------------------------
  data required time                                                 3.70
  data arrival time                                                  0.00
  --------------------------------------------------------------------------
  slack (MET)                                                        3.70


  Startpoint: bb1/a_ext_reg[2]
              (rising edge-triggered flip-flop clocked by clk)
  Endpoint: bb1/temp_product_reg[0]
            (rising edge-triggered flip-flop clocked by clk)
  Path Group: clk
  Path Type: max

  Des/Clust/Port     Wire Load Model       Library
  ------------------------------------------------
  F_PE               ForQA                 cb13fs120_tsmc_max
  BitBrick           ForQA                 cb13fs120_tsmc_max
  DW02_mult_A_width3_B_width3
                     ForQA                 cb13fs120_tsmc_max

  Point                                                   Incr       Path
  --------------------------------------------------------------------------
  clock clk (rise edge)                                   0.00       0.00
  clock network delay (ideal)                             0.00       0.00
  bb1/a_ext_reg[2]/clocked_on (**SEQGEN**)                0.00       0.00 r
  bb1/a_ext_reg[2]/Q (**SEQGEN**)                         0.00       0.00 r
  bb1/mult_22/A_2 (*MULT_TC_OP_3_3_4)                     0.00       0.00 r
  bb1/mult_22/*cell*137/A[2] (DW02_mult_A_width3_B_width3)
                                                          0.00       0.00 r
  ...
  bb1/mult_22/*cell*137/PRODUCT[0] (DW02_mult_A_width3_B_width3)
                                                          0.00       0.00 r
  bb1/mult_22/Z_0 (*MULT_TC_OP_3_3_4)                     0.00       0.00 r
  bb1/temp_product_reg[0]/next_state (**SEQGEN**)         0.00       0.00 r
  data arrival time                                                  0.00

  clock clk (rise edge)                                   3.80       3.80
  clock network delay (ideal)                             0.00       3.80
  clock uncertainty                                      -0.10       3.70
  bb1/temp_product_reg[0]/clocked_on (**SEQGEN**)         0.00       3.70 r
  library setup time                                      0.00       3.70
  data required time                                                 3.70
  --------------------------------------------------------------------------
  data required time                                                 3.70
  data arrival time                                                  0.00
  --------------------------------------------------------------------------
  slack (MET)                                                        3.70


1
