Warning: Worst timing paths might not be returned. (TIM-104)
Warning: Clock network timing may not be up-to-date since only 0.000000 percentage of clock nets are routed. (TIM-233)
 
****************************************
Report : timing
        -path full
        -delay min
        -slack_lesser_than 0.00
        -max_paths 10
Design : F_PE
Version: L-2016.03-SP1
Date   : Thu Jun 26 23:49:49 2025
****************************************

 * Some/all delay information is back-annotated.

Operating Conditions: cb13fs120_tsmc_max   Library: cb13fs120_tsmc_max
	Parasitic source    : LPE
	Parasitic mode      : RealRVirtualC
	Extraction mode     : MIN_MAX
	Extraction derating : -40/25/125

Information: Percent of Arnoldi-based delays =  0.00%
No paths.

1
