Warning: Worst timing paths might not be returned. (TIM-104)
 
****************************************
Report : timing
        -path full
        -delay min
        -slack_lesser_than 0.00
        -max_paths 10
Design : F_PE
Version: L-2016.03-SP1
Date   : Fri Jun 27 01:16:23 2025
****************************************

 * Some/all delay information is back-annotated.

Operating Conditions: cb13fs120_tsmc_min   Library: cb13fs120_tsmc_min
	Parasitic source    : LPE
	Parasitic mode      : RealRC
	Extraction mode     : MIN_MAX
	Extraction derating : -40/25/125

Information: Percent of Arnoldi-based delays = 11.52%
No paths.

1
